                                                              
                                                              
                                              XXXXXXXX        
                                              XXOOXXOX        
                                              XZOOOOXXXXXXXXX 
                                              XXOOOOOXXOOOOOX 
                                              XXOOOOOXXOOOOOX 
                                              XXXOOOOXXOXXOOX 
     XXXXXXX                                  XXXXOOXXXrXXOOX 
     XOOOOOX          XXXXXXXXXXXXXXXXXXXXXXXXXXXXOOXXXOXXDDX 
     XOOOXXX          XOXXOOOOOOXXXXOOOOOOROOOOXXXOOOrOOXXOOX 
     XOXOXXX          XOOXOXOOOOOXXXOOXXOOROOOOXXXOOXXXXOOOOX 
     XXObrOX          XOOXOXOOOOOXXXNNXXDDXOOOOXXXOOXXXXOOOOX 
     XOOOOOXXXXXXXXXXXXOOXO>OOOOOXO>OOOrOOOrOOOrOOOOXXXXOOOOX 
     XOOOOOXXOWWWWWWWWWOOXXXXXXXXXOXOOXXXXXXXXXOOOOOXXXXDDDDX 
     XOOOOOXXOWWWWWWWWWOOXXXXXXXXXOXOOXXXXXXXXXOXXXOXXXXOOOOX 
     XOOOOOXXOWWWWWWWWWOOXXXXXXXXXOXOOXXXXXXXXXOXXXOXXXXOOOOX 
     XOOOXXXXNWWWWWWWWWOOOOOOXXOXOOOOOXXXXXXXXXOXXXOXXXXOOOXX 
     XXOXXXXXOWWWWWWWWWOOOOOrO<OXOOOOOXOOXXOOOOOXXXOOXOXOOXOX 
     XOObOOOOOWWWWWWWWWXXOOOOOOOXOOOOOrOOOOOOOOOXXXOOOOOOOXOX 
     XOOXXOOOOWWWWWWWWWWWWWWWWWWWWWWWWWWWWWWWWWWWWWWWWWWWWWWX 
     XXOXXOXXOWWWWWWWWWWWWWWWWWWWWWWWWWWWWWWWWWWWWWWWWWWWWWWX 
     XXXXXXXXXWWWWWWWWWWWWWWWWWWWWWWWWWWWWWWWWWWWWWWWWWWWWWWX 
             XWWWWWWWWWWWWWWWWWWWWWWWWWWWWWWWWWWWWWWWWWWWWWWX 
             XWWWWWWWWWWWWWWWWWWWWWWWWWWWWWWWWWWWWWWWWWWWWWWX 
             XWWWWWWWWWWWWWWWWWWWWWWWWWWWWWWWWWWWWWWWWWWWWWWX 
             XWWWWWWWWWWWWWWWWWWWWWWWWWWWWWWWWWWWWWWWWWWWWWWX 
             XXXXXXXXXXXXXXXXXXXXXXXXXXXXXXXXXXXXXXXXXXXXXXXX 
                                                              