                                               
                                               
                                               
          XXXXXXXXXXXXXXXXXXXXXXXXXXXXXXXXXXXX 
          XOOOXXXXXOOOOXXXXXOOOXOOOXOOOOOOOOOX 
     XXXXXXOOOXXXXXBBBBXXXXXOOOXOOOXOOXXXXXOOX 
     XOOOOOOOOOOOaaaaaaaaOOOO<OXO<OXOOOOOOOXOX 
     XOOOXXDDDXXXXXDDDDXXXXXOOOLOOOLOOXXOOXOOX 
     XXVXXXOOOXXXXXOOOOXXXXXOOOLOOOLOXOOXO>OOX 
   XXXXVXXXOOOOOOXO>OOOOXOXXXOOLOOOLOXOOXXXXXX 
   XOOOOOOOOOOO<OXOOOOOXOOXXXXXXDDXXXXOOXX     
   XXXXOXXXOOXXXXXOOXXXXXOOXOOOOOOXXXOOOOX     
     XXOXXXOOXXXXXBBXXXXXOOXOXOOOOOXXOOOOX     
     XOOOOOOOOOOaaaaaaOOOOOXO>OOOOOOXOOOOX     
     XXXXXXOOXXXXXBBXXXXXXXOXXXXOOOOXOOOOX     
   XXXXXXXXOXXXXXXOOXXXXXOOOOOOOXOOOXXOOXX     
   XOOOOOOXXOOOXXXDDXXXDDDXXOOOOOXOOLOOOX      
   XOOOOOO<OXOO<OXOO<OXOOO<OXOOOOXOOLOOOX      
   XXXXOXXXOXOOXOXOOXOOXOOXOXXXXXOOOLOOOX      
   XXXXOXXOOXOXXOOXOOOOXOOXOXXXXXOOOLOOOX      
   XXXXOOOOOXOXXOOXOOOXXOOXOOOOOOOOOXXOOX      
     XXOXXXOXOOOOOXOOOXXOOOXXXXOOOOOXOOOX      
     XXOXXXDDDDDDDDDDDDDDDDDDDDDDDDDXOOOX      
     XOOOXXOOOOOOOOOOOOOOOOOOOOOOOOOXOOOX      
     XOOOXXXOOOOOOOOOOOOOOOOOOOOOOOOXXOOX      
     XOOOXXXOOXXXXXXXXXXXXXXXXXXXXXXXXOOX      
     XXVXXXOOOX                      XOOX      
     XXVXXXOOOX                      XOOX      
   XXXOOOOOOOOX                     XXOOXX     
   XOOOOOOOOOOX                     XOOOOX     
   XOOXOOOOOOOX                     XOOOOX     
   XOXOOOOOXXXX                     XOOOOX     
   XXXXOXXXX                        XXOOXX     
     XXOXX                           XOOX      
     XOOOX                           XOOX      
     XOOOX                           XOOX      
     XOOOX                          XXOOXXXXXX 
     XXVXX                          XOOOOXOOXX 
   XXXXVXXXX   XXXX                 XXOOOOOOZX 
   XXOOOOOOXXXXXOXX                 XOXXOOOOXX 
   XOOXOOOOOOOOOOZX                 XXXXXXXXXX 
   XOXOOOOOOOOOOOXX                            
   XXXXXXXXXXXXOXXX                            
              XXXXX                            
                                               