                                                            
                                                            
  XXXXXXXXXXXXXXXXXXXXX                                     
  XXXXXXXXXXXXXXXObOOXX                                     
  XOOOOOOOOOXXXXOObOOZX                                     
  XOOOOOOOOOXXXXXObOOXX                                     
  XOOOXXXXXOXXXXXXXXXXX                                     
  XDDDXXXXXOXXXXXXXXXXX                                     
  XOOOXXXXXOXXXXXXXXXXX                                     
  XOOOOOOOXOXXXXXXXXXXX                                     
  XOOOOOOr<OXOOOOOXXXXXXXXXXXXXXXXXXXXXXXXXXXXXX            
  XOOOOOOOXXOOOOOOXXXXXXXXXXXXXXXXXXXXXXXOOOOOOX            
  XOOXXXXXXXXXXOOOXXXXXXXXXXXXXXXXXXXXXXXOOOOOOX            
  XOOXXXXXXXXXXDDDXXXXXXXXXXXXXXXXXXXXXXXOOOOOOX            
  XOOXXXXXXXXXXOOOXXXXXXXXXXXXXXXXXXXXXXXOOOOOOX            
  XOOXXXXXXXXXXOOOOOOXXXXXXXXXXXXXXXXXXXXXXXXOOXXXXXXXXXXXX 
  XOOXO>ObOOXObrOOOOOZXXXXXXXXXXXXXXXXXXXOOO>OOXO>OXO>OOOOX 
  XOOXOOOOOOOOOXOOOOOXXXXXXXXXXXXXXXXXXXXOOOOXXOOOOXOOOOOOX 
  XXXXXXXXXXXXXXOOXXXXXXXXXXXXXXXXXXXXXXXOOOOOOOOOOOOOOOOOX 
  XXXXXXXXXXXXXXrrXXXXXXXXXXXXXXXXXXXXXXXXXXXXXXXXXXXXXOONX 
  XXXXXXXXXOOOROOXXXXXXXXXXXXXXXXXXXXXXXXXXXXXXXXXXXXXXOONX 
  XXXXXXXXXOOOROOOXXXXXXXXXXXXXXXXXXXXXXXXXXXXXXXXXXXXXOOOX 
  XXXXXXXXXOOXXXXOXXXXXXXXXXXXXXXXOOOOOXOOOOXXOOOOOOXXXOOOX 
  XXXXXXXXXOOXXXOOXXXXXXXXXXXXXXXXOOOOOXO>OOO>OOO>OOO>OOOOX 
  XXXXXXXXXOOXXXOOXXXXXXXXXXXXXXXXOOOOXOOXOOOOOOOXXOOOOOOOX 
  XXXXXXXXXOOXXXOOXXXOOXXXXXXXXXXXDDDXXOOXXXXXXXXXXXXXXXXXX 
  XXXXOOOOOOOXXXOOXXXOOOZXXXXXXXXXOOOOOOOXXXXXXX            
  XXXNOOOOOOOXXXOOXXXOOOXXXXXXXXXXOOOOOOOXXXXXXX            
  XXXOOXXXXXXXXObbXXXOOOXXXXXXXXXXOOOOOOOXXXXXXX            
  XXXOOXXXXXXXXObOXXXOONXXXXXXXXXXOOOOOOXXXXXXXX            
  XXXOOXXXXXXXXOOXXXXOOOXXXXXXXXXXOOOOOOXObOOOXX            
  XXXOOOOOOOOOOOOXXXXOOOXXXXXXXXXXOOOXXOXrOXXOXX            
  XOObbXXXOOOOOOOXXXXOOOXXXXXXXXXXDDDXXOObXXXOXX            
  XOXOOOOOXXXXXXXXXXXOOOXXXXXXXXXXOOOXXXXOXXXOXX            
  XOOrXXXOXXXXXXXXXXXXOOXXXXXXXXXXOOOXXXObOOOOOX            
  XOOOXXXOXXXXXXXXXXXOXOXXXXXXXXXXOOOXXXOOXXXOOX            
  XXXXXXXrXOOOOOOOOOOOXOXXXXXXXXXXOOOXXXOOXXXXXX            
  XXXXXXXOOOOOONXOOOXOObOOOOOOOXOOOOOOOOOOXXXXXX            
  XXXXXXXOOOOOOOOXOOOObObXXXXXOOOOOOOOOOOOXXXXXX            
  XXXXXXXXXXXXXXXXXXXXXXXXXXXXXXXXXXXXXXXXXXXXXX            
                                                            